// Jest Snapshot v1, https://goo.gl/fbAQLP

exports[`<Spinner /> Spinner match snapshot! 1`] = `undefined`;
