// Jest Snapshot v1, https://goo.gl/fbAQLP

exports[`<CustomerRewards /> CustomerRewards match snapshot! 1`] = `undefined`;
