// Jest Snapshot v1, https://goo.gl/fbAQLP

exports[`<CustomerRewardsList /> CustomerRewardsList match snapshot! 1`] = `undefined`;
